// Jest Snapshot v1, https://goo.gl/fbAQLP

exports[`renders correctly 1`] = `
<View
  style={
    {
      "backgroundColor": "#ffffff",
      "borderColor": "#e1e8ee",
      "borderRadius": 15,
      "borderWidth": 1,
      "flexDirection": "row",
      "justifyContent": "space-between",
      "margin": 15,
      "marginBottom": 0,
      "padding": 15,
      "shadowColor": "rgba(0,0,0, .2)",
      "shadowOffset": {
        "height": 0,
        "width": 0,
      },
      "shadowOpacity": 1,
      "shadowRadius": 1,
    }
  }
>
  <View
    style={
      {
        "backgroundColor": "transparent",
      }
    }
  >
    <View
      accessibilityState={
        {
          "busy": undefined,
          "checked": undefined,
          "disabled": undefined,
          "expanded": undefined,
          "selected": undefined,
        }
      }
      accessibilityValue={
        {
          "max": undefined,
          "min": undefined,
          "now": undefined,
          "text": undefined,
        }
      }
      accessible={true}
      collapsable={false}
      focusable={true}
      onClick={[Function]}
      onResponderGrant={[Function]}
      onResponderMove={[Function]}
      onResponderRelease={[Function]}
      onResponderTerminate={[Function]}
      onResponderTerminationRequest={[Function]}
      onStartShouldSetResponder={[Function]}
      style={
        {
          "opacity": 1,
        }
      }
    >
      <View
        style={
          {
            "flexDirection": "row",
            "justifyContent": "space-between",
          }
        }
      >
        <Image
          source={
            {
              "uri": "https://images.punkapi.com/v2/keg.png",
            }
          }
          style={
            {
              "height": 400,
              "width": 100,
            }
          }
        />
        <View
          style={
            {
              "flexDirection": "column",
              "marginLeft": 10,
              "marginRight": 10,
            }
          }
        >
          <View
            style={
              {
                "flexDirection": "row",
                "justifyContent": "space-between",
                "paddingRight": 300,
              }
            }
          >
            <Text
              accessibilityRole="text"
              style={
                {
                  "color": "#FFB900",
                  "fontSize": 43.714285714285715,
                }
              }
            >
              Buzz
            </Text>
          </View>
          <View
            style={
              {
                "flexDirection": "row",
                "justifyContent": "space-between",
                "paddingRight": 300,
              }
            }
          >
            <Text
              accessibilityRole="text"
              style={
                {
                  "color": "#242424",
                  "fontSize": 36,
                }
              }
            >
              A Real Bitter Experience.
            </Text>
          </View>
          <View
            style={
              {
                "flexDirection": "row",
                "justifyContent": "space-between",
                "marginTop": 20,
                "paddingRight": 200,
              }
            }
          >
            <View
              style={{}}
              testID="RNE__Badge__Container"
            >
              <View
                style={
                  {
                    "alignItems": "center",
                    "alignSelf": "center",
                    "backgroundColor": "#faad14",
                    "borderColor": "#fff",
                    "borderRadius": 9,
                    "borderWidth": 0.5,
                    "height": 18,
                    "justifyContent": "center",
                    "minWidth": 18,
                  }
                }
                testID="RNE__Badge"
              >
                <Text
                  style={
                    {
                      "color": "white",
                      "fontSize": 12,
                      "paddingHorizontal": 4,
                    }
                  }
                >
                  First Brewed in 09/2007
                </Text>
              </View>
            </View>
          </View>
          <View
            style={
              {
                "flexDirection": "row",
                "justifyContent": "space-between",
                "marginTop": 20,
                "paddingRight": 200,
              }
            }
          >
            <Text
              accessibilityRole="text"
              style={
                {
                  "backgroundColor": "#FFB900",
                  "borderRadius": 4,
                  "color": "#FFF",
                  "fontWeight": "700",
                  "height": 35,
                  "paddingTop": 7,
                  "textAlign": "center",
                  "width": 190,
                }
              }
            >
              Tap on card to see more
            </Text>
          </View>
        </View>
      </View>
    </View>
  </View>
</View>
`;
